Fri Feb 13 21:02:41 2026       
+-----------------------------------------------------------------------------------------+
| NVIDIA-SMI 580.76.05              Driver Version: 580.76.05      CUDA Version: 13.0     |
+-----------------------------------------+------------------------+----------------------+
| GPU  Name                 Persistence-M | Bus-Id          Disp.A | Volatile Uncorr. ECC |
| Fan  Temp   Perf          Pwr:Usage/Cap |           Memory-Usage | GPU-Util  Compute M. |
|                                         |                        |               MIG M. |
|=========================================+========================+======================|
|   0  NVIDIA GeForce RTX 5090        On  |   00000000:38:00.0 Off |                  N/A |
| 42%   34C    P8             14W /  575W |       0MiB /  32607MiB |      0%      Default |
|                                         |                        |                  N/A |
+-----------------------------------------+------------------------+----------------------+

+-----------------------------------------------------------------------------------------+
| Processes:                                                                              |
|  GPU   GI   CI              PID   Type   Process name                        GPU Memory |
|        ID   ID                                                               Usage      |
|=========================================================================================|
|  No running processes found                                                             |
+-----------------------------------------------------------------------------------------+
============================================================
Configuration Summary
============================================================

Data Config:
  Stocks: 471
  Features: 40
  Lookback: 20
  Date Range: 2019-01-01 to 2025-12-31

Trading Config:
  Transaction Cost: 0.1500%
  Max Position: 10.0%
  T+1: True
  Long Only: True

Model Config:
  d_model: 128
  nhead: 4

Training Config:
  Device: cuda
  Episodes/Window: 5
  Batch Size: 64
============================================================

======================================================================
Data Loading & Feature Engineering
======================================================================
Loading guba sentiment data...

Guba files:   0%|          | 0/471 [00:00<?, ?it/s]
Guba files:   0%|          | 1/471 [00:00<01:04,  7.25it/s]
Guba files:   0%|          | 2/471 [00:00<01:10,  6.61it/s]
Guba files:   1%|          | 4/471 [00:00<00:57,  8.08it/s]
Guba files:   1%|          | 5/471 [00:00<00:56,  8.29it/s]
Guba files:   1%|▏         | 6/471 [00:00<01:03,  7.35it/s]
Guba files:   2%|▏         | 8/471 [00:00<00:52,  8.84it/s]
Guba files:   2%|▏         | 10/471 [00:01<00:47,  9.69it/s]
Guba files:   2%|▏         | 11/471 [00:01<00:49,  9.27it/s]
Guba files:   3%|▎         | 12/471 [00:01<00:55,  8.32it/s]
Guba files:   3%|▎         | 14/471 [00:01<00:54,  8.41it/s]
Guba files:   3%|▎         | 16/471 [00:01<00:48,  9.35it/s]
Guba files:   4%|▎         | 17/471 [00:01<00:50,  8.95it/s]
Guba files:   4%|▍         | 18/471 [00:02<00:50,  9.05it/s]
Guba files:   4%|▍         | 19/471 [00:02<00:53,  8.42it/s]
Guba files:   4%|▍         | 20/471 [00:02<00:58,  7.67it/s]
Guba files:   4%|▍         | 21/471 [00:02<00:57,  7.83it/s]
Guba files:   5%|▍         | 22/471 [00:02<01:00,  7.44it/s]
Guba files:   5%|▌         | 24/471 [00:02<00:55,  8.03it/s]
Guba files:   5%|▌         | 25/471 [00:03<00:59,  7.55it/s]
Guba files:   6%|▌         | 26/471 [00:03<00:57,  7.69it/s]
Guba files:   6%|▌         | 27/471 [00:03<00:55,  8.03it/s]
Guba files:   6%|▌         | 28/471 [00:03<00:54,  8.13it/s]
Guba files:   6%|▌         | 29/471 [00:03<00:54,  8.16it/s]
Guba files:   6%|▋         | 30/471 [00:03<00:58,  7.53it/s]
Guba files:   7%|▋         | 31/471 [00:03<01:00,  7.30it/s]
Guba files:   7%|▋         | 32/471 [00:03<00:59,  7.32it/s]
Guba files:   7%|▋         | 33/471 [00:04<00:55,  7.86it/s]
Guba files:   7%|▋         | 34/471 [00:04<00:58,  7.48it/s]
Guba files:   7%|▋         | 35/471 [00:04<00:59,  7.31it/s]
Guba files:   8%|▊         | 36/471 [00:04<00:55,  7.89it/s]
Guba files:   8%|▊         | 38/471 [00:04<00:49,  8.67it/s]
Guba files:   8%|▊         | 39/471 [00:04<00:53,  8.09it/s]
Guba files:   8%|▊         | 40/471 [00:04<00:57,  7.44it/s]
Guba files:   9%|▉         | 42/471 [00:05<00:55,  7.77it/s]
Guba files:   9%|▉         | 44/471 [00:05<00:53,  7.91it/s]
Guba files:  10%|▉         | 45/471 [00:05<00:54,  7.80it/s]
Guba files:  10%|▉         | 46/471 [00:05<00:58,  7.27it/s]
Guba files:  10%|▉         | 47/471 [00:05<01:00,  6.96it/s]
Guba files:  10%|█         | 48/471 [00:06<01:00,  7.03it/s]
Guba files:  10%|█         | 49/471 [00:06<00:59,  7.06it/s]
Guba files:  11%|█         | 50/471 [00:06<01:00,  6.91it/s]
Guba files:  11%|█         | 51/471 [00:06<01:02,  6.75it/s]
Guba files:  11%|█         | 52/471 [00:06<00:57,  7.31it/s]
Guba files:  11%|█▏        | 53/471 [00:06<00:57,  7.25it/s]
Guba files:  12%|█▏        | 55/471 [00:06<00:49,  8.42it/s]
Guba files:  12%|█▏        | 56/471 [00:07<00:49,  8.37it/s]
Guba files:  12%|█▏        | 58/471 [00:07<00:47,  8.76it/s]
Guba files:  13%|█▎        | 59/471 [00:07<00:49,  8.27it/s]
Guba files:  13%|█▎        | 60/471 [00:07<00:55,  7.46it/s]
Guba files:  13%|█▎        | 62/471 [00:07<00:47,  8.69it/s]
Guba files:  13%|█▎        | 63/471 [00:07<00:48,  8.39it/s]
Guba files:  14%|█▎        | 64/471 [00:08<00:47,  8.49it/s]
Guba files:  14%|█▍        | 65/471 [00:08<00:49,  8.16it/s]
Guba files:  14%|█▍        | 66/471 [00:08<00:50,  7.95it/s]
Guba files:  14%|█▍        | 67/471 [00:08<00:51,  7.87it/s]
Guba files:  14%|█▍        | 68/471 [00:08<00:52,  7.70it/s]
Guba files:  15%|█▍        | 70/471 [00:08<00:52,  7.60it/s]
Guba files:  15%|█▌        | 71/471 [00:08<00:51,  7.72it/s]
Guba files:  15%|█▌        | 72/471 [00:09<00:48,  8.17it/s]
Guba files:  15%|█▌        | 73/471 [00:09<00:51,  7.78it/s]
Guba files:  16%|█▌        | 74/471 [00:09<00:53,  7.37it/s]
Guba files:  16%|█▌        | 75/471 [00:09<00:50,  7.78it/s]
Guba files:  16%|█▌        | 76/471 [00:09<00:52,  7.53it/s]
Guba files:  16%|█▋        | 77/471 [00:09<00:56,  7.04it/s]
Guba files:  17%|█▋        | 78/471 [00:09<00:53,  7.32it/s]
Guba files:  17%|█▋        | 79/471 [00:10<00:53,  7.34it/s]
Guba files:  17%|█▋        | 80/471 [00:10<00:56,  6.91it/s]
Guba files:  17%|█▋        | 81/471 [00:10<00:58,  6.71it/s]
Guba files:  17%|█▋        | 82/471 [00:10<00:55,  7.04it/s]
Guba files:  18%|█▊        | 83/471 [00:10<00:55,  7.05it/s]
Guba files:  18%|█▊        | 84/471 [00:10<00:55,  6.99it/s]
Guba files:  18%|█▊        | 85/471 [00:10<00:57,  6.71it/s]
Guba files:  18%|█▊        | 86/471 [00:11<00:53,  7.16it/s]
Guba files:  18%|█▊        | 87/471 [00:11<00:53,  7.23it/s]
Guba files:  19%|█▊        | 88/471 [00:11<00:51,  7.50it/s]
Guba files:  19%|█▉        | 89/471 [00:11<00:52,  7.27it/s]
Guba files:  19%|█▉        | 90/471 [00:11<00:48,  7.87it/s]
Guba files:  19%|█▉        | 91/471 [00:11<00:45,  8.28it/s]
Guba files:  20%|█▉        | 92/471 [00:11<00:48,  7.84it/s]
Guba files:  20%|█▉        | 94/471 [00:12<00:45,  8.27it/s]
Guba files:  20%|██        | 95/471 [00:12<00:47,  7.94it/s]
Guba files:  20%|██        | 96/471 [00:12<00:46,  8.07it/s]
Guba files:  21%|██        | 97/471 [00:12<00:47,  7.95it/s]
Guba files:  21%|██        | 98/471 [00:12<00:50,  7.35it/s]
Guba files:  21%|██        | 99/471 [00:12<00:48,  7.60it/s]
Guba files:  21%|██▏       | 101/471 [00:12<00:45,  8.19it/s]
Guba files:  22%|██▏       | 102/471 [00:13<00:49,  7.46it/s]
Guba files:  22%|██▏       | 103/471 [00:13<00:49,  7.42it/s]
Guba files:  22%|██▏       | 104/471 [00:13<00:51,  7.08it/s]
Guba files:  22%|██▏       | 105/471 [00:13<00:49,  7.39it/s]
Guba files:  23%|██▎       | 106/471 [00:13<00:47,  7.65it/s]
Guba files:  23%|██▎       | 107/471 [00:13<00:51,  7.10it/s]
Guba files:  23%|██▎       | 108/471 [00:13<00:52,  6.94it/s]
Guba files:  23%|██▎       | 109/471 [00:14<00:50,  7.14it/s]
Guba files:  23%|██▎       | 110/471 [00:14<00:51,  7.00it/s]
Guba files:  24%|██▎       | 111/471 [00:14<00:52,  6.90it/s]
Guba files:  24%|██▍       | 112/471 [00:14<00:52,  6.89it/s]
Guba files:  24%|██▍       | 113/471 [00:14<00:52,  6.86it/s]
Guba files:  24%|██▍       | 114/471 [00:14<00:47,  7.53it/s]
Guba files:  24%|██▍       | 115/471 [00:14<00:46,  7.69it/s]
Guba files:  25%|██▍       | 116/471 [00:15<00:46,  7.66it/s]
Guba files:  25%|██▍       | 117/471 [00:15<00:49,  7.21it/s]
Guba files:  25%|██▌       | 119/471 [00:15<00:47,  7.44it/s]
Guba files:  25%|██▌       | 120/471 [00:15<00:45,  7.72it/s]
Guba files:  26%|██▌       | 121/471 [00:15<00:43,  8.10it/s]
Guba files:  26%|██▌       | 123/471 [00:15<00:40,  8.54it/s]
Guba files:  26%|██▋       | 124/471 [00:16<00:40,  8.57it/s]
Guba files:  27%|██▋       | 126/471 [00:16<00:37,  9.15it/s]
Guba files:  27%|██▋       | 127/471 [00:16<00:37,  9.29it/s]
Guba files:  27%|██▋       | 128/471 [00:16<00:37,  9.15it/s]
Guba files:  27%|██▋       | 129/471 [00:16<00:38,  8.80it/s]
Guba files:  28%|██▊       | 130/471 [00:16<00:39,  8.71it/s]
Guba files:  28%|██▊       | 131/471 [00:16<00:38,  8.73it/s]
Guba files:  28%|██▊       | 132/471 [00:16<00:40,  8.44it/s]
Guba files:  28%|██▊       | 133/471 [00:17<00:42,  7.87it/s]
Guba files:  28%|██▊       | 134/471 [00:17<00:44,  7.56it/s]
Guba files:  29%|██▊       | 135/471 [00:17<00:45,  7.40it/s]
Guba files:  29%|██▉       | 136/471 [00:17<00:45,  7.32it/s]
Guba files:  29%|██▉       | 137/471 [00:17<00:46,  7.26it/s]
Guba files:  29%|██▉       | 138/471 [00:17<00:44,  7.50it/s]
Guba files:  30%|██▉       | 139/471 [00:17<00:47,  6.96it/s]
Guba files:  30%|██▉       | 140/471 [00:18<00:46,  7.13it/s]
Guba files:  30%|██▉       | 141/471 [00:18<00:47,  6.94it/s]
Guba files:  30%|███       | 142/471 [00:18<00:44,  7.44it/s]
Guba files:  30%|███       | 143/471 [00:18<00:44,  7.36it/s]
Guba files:  31%|███       | 144/471 [00:18<00:46,  7.09it/s]
Guba files:  31%|███       | 145/471 [00:18<00:44,  7.36it/s]
Guba files:  31%|███       | 146/471 [00:18<00:43,  7.46it/s]
Guba files:  31%|███       | 147/471 [00:18<00:42,  7.56it/s]
Guba files:  31%|███▏      | 148/471 [00:19<00:42,  7.62it/s]
Guba files:  32%|███▏      | 149/471 [00:19<00:43,  7.38it/s]
Guba files:  32%|███▏      | 150/471 [00:19<00:43,  7.45it/s]
Guba files:  32%|███▏      | 151/471 [00:19<00:40,  7.83it/s]
Guba files:  32%|███▏      | 152/471 [00:19<00:38,  8.32it/s]
Guba files:  32%|███▏      | 153/471 [00:19<00:36,  8.72it/s]
Guba files:  33%|███▎      | 155/471 [00:19<00:34,  9.28it/s]
Guba files:  33%|███▎      | 156/471 [00:20<00:37,  8.46it/s]
Guba files:  33%|███▎      | 157/471 [00:20<00:39,  7.90it/s]
Guba files:  34%|███▍      | 159/471 [00:20<00:37,  8.32it/s]
Guba files:  34%|███▍      | 161/471 [00:20<00:34,  8.99it/s]
Guba files:  34%|███▍      | 162/471 [00:20<00:35,  8.70it/s]
Guba files:  35%|███▍      | 163/471 [00:20<00:37,  8.19it/s]
Guba files:  35%|███▍      | 164/471 [00:21<00:37,  8.12it/s]
Guba files:  35%|███▌      | 165/471 [00:21<00:36,  8.43it/s]
Guba files:  35%|███▌      | 167/471 [00:21<00:33,  8.99it/s]
Guba files:  36%|███▌      | 168/471 [00:21<00:34,  8.82it/s]
Guba files:  36%|███▌      | 170/471 [00:21<00:30,  9.75it/s]
Guba files:  36%|███▋      | 171/471 [00:21<00:33,  8.96it/s]
Guba files:  37%|███▋      | 172/471 [00:21<00:35,  8.50it/s]
Guba files:  37%|███▋      | 173/471 [00:22<00:38,  7.77it/s]
Guba files:  37%|███▋      | 175/471 [00:22<00:35,  8.28it/s]
Guba files:  37%|███▋      | 176/471 [00:22<00:36,  8.06it/s]
Guba files:  38%|███▊      | 177/471 [00:22<00:35,  8.20it/s]
Guba files:  38%|███▊      | 178/471 [00:22<00:34,  8.44it/s]
Guba files:  38%|███▊      | 179/471 [00:22<00:35,  8.15it/s]
Guba files:  38%|███▊      | 180/471 [00:22<00:35,  8.27it/s]
Guba files:  39%|███▊      | 182/471 [00:23<00:28, 10.21it/s]
Guba files:  39%|███▉      | 184/471 [00:23<00:27, 10.25it/s]
Guba files:  39%|███▉      | 186/471 [00:23<00:25, 11.14it/s]
Guba files:  40%|███▉      | 188/471 [00:23<00:24, 11.44it/s]
Guba files:  40%|████      | 190/471 [00:23<00:23, 12.06it/s]
Guba files:  41%|████      | 192/471 [00:23<00:26, 10.57it/s]
Guba files:  41%|████      | 194/471 [00:24<00:28,  9.68it/s]
Guba files:  42%|████▏     | 196/471 [00:24<00:32,  8.47it/s]
Guba files:  42%|████▏     | 197/471 [00:24<00:32,  8.55it/s]
Guba files:  42%|████▏     | 198/471 [00:24<00:33,  8.13it/s]
Guba files:  42%|████▏     | 199/471 [00:24<00:32,  8.27it/s]
Guba files:  42%|████▏     | 200/471 [00:24<00:32,  8.21it/s]
Guba files:  43%|████▎     | 201/471 [00:25<00:32,  8.40it/s]
Guba files:  43%|████▎     | 202/471 [00:25<00:31,  8.60it/s]
Guba files:  43%|████▎     | 203/471 [00:25<00:31,  8.58it/s]
Guba files:  43%|████▎     | 204/471 [00:25<00:31,  8.42it/s]
Guba files:  44%|████▎     | 205/471 [00:25<00:34,  7.67it/s]
Guba files:  44%|████▎     | 206/471 [00:25<00:33,  7.97it/s]
Guba files:  44%|████▍     | 207/471 [00:25<00:36,  7.23it/s]
Guba files:  44%|████▍     | 208/471 [00:26<00:38,  6.91it/s]
Guba files:  44%|████▍     | 209/471 [00:26<00:37,  6.95it/s]
Guba files:  45%|████▍     | 210/471 [00:26<00:35,  7.39it/s]
Guba files:  45%|████▍     | 211/471 [00:26<00:33,  7.83it/s]
Guba files:  45%|████▌     | 212/471 [00:26<00:35,  7.37it/s]
Guba files:  45%|████▌     | 213/471 [00:26<00:36,  7.03it/s]
Guba files:  45%|████▌     | 214/471 [00:26<00:34,  7.46it/s]
Guba files:  46%|████▌     | 215/471 [00:26<00:33,  7.62it/s]
Guba files:  46%|████▌     | 216/471 [00:27<00:31,  8.05it/s]
Guba files:  46%|████▌     | 217/471 [00:27<00:32,  7.92it/s]
Guba files:  46%|████▋     | 218/471 [00:27<00:34,  7.31it/s]
Guba files:  46%|████▋     | 219/471 [00:27<00:35,  7.13it/s]
Guba files:  47%|████▋     | 220/471 [00:27<00:36,  6.93it/s]
Guba files:  47%|████▋     | 221/471 [00:27<00:34,  7.27it/s]
Guba files:  47%|████▋     | 222/471 [00:27<00:35,  6.94it/s]
Guba files:  47%|████▋     | 223/471 [00:28<00:33,  7.30it/s]
Guba files:  48%|████▊     | 224/471 [00:28<00:33,  7.37it/s]
Guba files:  48%|████▊     | 225/471 [00:28<00:31,  7.71it/s]
Guba files:  48%|████▊     | 226/471 [00:28<00:32,  7.46it/s]
Guba files:  48%|████▊     | 227/471 [00:28<00:34,  7.08it/s]
Guba files:  48%|████▊     | 228/471 [00:28<00:31,  7.61it/s]
Guba files:  49%|████▊     | 229/471 [00:28<00:31,  7.80it/s]
Guba files:  49%|████▉     | 230/471 [00:28<00:30,  7.94it/s]
Guba files:  49%|████▉     | 231/471 [00:29<00:30,  7.99it/s]
Guba files:  49%|████▉     | 232/471 [00:29<00:29,  8.17it/s]
Guba files:  49%|████▉     | 233/471 [00:29<00:28,  8.29it/s]
Guba files:  50%|████▉     | 234/471 [00:29<00:29,  8.11it/s]
Guba files:  50%|████▉     | 235/471 [00:29<00:29,  7.98it/s]
Guba files:  50%|█████     | 236/471 [00:29<00:31,  7.44it/s]
Guba files:  50%|█████     | 237/471 [00:29<00:32,  7.28it/s]
Guba files:  51%|█████     | 238/471 [00:29<00:31,  7.52it/s]
Guba files:  51%|█████     | 239/471 [00:30<00:32,  7.12it/s]
Guba files:  51%|█████     | 240/471 [00:30<00:30,  7.63it/s]
Guba files:  51%|█████     | 241/471 [00:30<00:30,  7.61it/s]
Guba files:  51%|█████▏    | 242/471 [00:30<00:31,  7.21it/s]
Guba files:  52%|█████▏    | 244/471 [00:30<00:27,  8.23it/s]
Guba files:  52%|█████▏    | 245/471 [00:30<00:28,  7.95it/s]
Guba files:  52%|█████▏    | 246/471 [00:31<00:29,  7.55it/s]
Guba files:  52%|█████▏    | 247/471 [00:31<00:28,  7.81it/s]
Guba files:  53%|█████▎    | 248/471 [00:31<00:29,  7.61it/s]
Guba files:  53%|█████▎    | 249/471 [00:31<00:28,  7.79it/s]
Guba files:  53%|█████▎    | 250/471 [00:31<00:26,  8.25it/s]
Guba files:  53%|█████▎    | 251/471 [00:31<00:26,  8.25it/s]
Guba files:  54%|█████▎    | 253/471 [00:31<00:22,  9.76it/s]
Guba files:  54%|█████▍    | 254/471 [00:31<00:23,  9.40it/s]
Guba files:  54%|█████▍    | 255/471 [00:32<00:23,  9.18it/s]
Guba files:  54%|█████▍    | 256/471 [00:32<00:23,  9.17it/s]
Guba files:  55%|█████▍    | 257/471 [00:32<00:24,  8.78it/s]
Guba files:  55%|█████▍    | 259/471 [00:32<00:24,  8.55it/s]
Guba files:  55%|█████▌    | 260/471 [00:32<00:26,  7.87it/s]
Guba files:  55%|█████▌    | 261/471 [00:32<00:27,  7.50it/s]
Guba files:  56%|█████▌    | 262/471 [00:32<00:26,  7.84it/s]
Guba files:  56%|█████▌    | 263/471 [00:33<00:27,  7.52it/s]
Guba files:  56%|█████▌    | 264/471 [00:33<00:28,  7.26it/s]
Guba files:  56%|█████▋    | 265/471 [00:33<00:27,  7.38it/s]
Guba files:  56%|█████▋    | 266/471 [00:33<00:28,  7.31it/s]
Guba files:  57%|█████▋    | 267/471 [00:33<00:28,  7.14it/s]
Guba files:  57%|█████▋    | 268/471 [00:33<00:30,  6.71it/s]
Guba files:  57%|█████▋    | 269/471 [00:33<00:27,  7.22it/s]
Guba files:  57%|█████▋    | 270/471 [00:34<00:28,  7.07it/s]
Guba files:  58%|█████▊    | 271/471 [00:34<00:27,  7.33it/s]
Guba files:  58%|█████▊    | 272/471 [00:34<00:27,  7.33it/s]
Guba files:  58%|█████▊    | 273/471 [00:34<00:25,  7.78it/s]
Guba files:  58%|█████▊    | 274/471 [00:34<00:25,  7.63it/s]
Guba files:  58%|█████▊    | 275/471 [00:34<00:24,  8.16it/s]
Guba files:  59%|█████▊    | 276/471 [00:34<00:25,  7.65it/s]
Guba files:  59%|█████▉    | 277/471 [00:34<00:26,  7.45it/s]
Guba files:  59%|█████▉    | 278/471 [00:35<00:25,  7.60it/s]
Guba files:  59%|█████▉    | 279/471 [00:35<00:24,  7.93it/s]
Guba files:  59%|█████▉    | 280/471 [00:35<00:25,  7.49it/s]
Guba files:  60%|█████▉    | 281/471 [00:35<00:26,  7.30it/s]
Guba files:  60%|█████▉    | 282/471 [00:35<00:23,  7.91it/s]
Guba files:  60%|██████    | 283/471 [00:35<00:23,  8.14it/s]
Guba files:  61%|██████    | 285/471 [00:35<00:17, 10.56it/s]
Guba files:  61%|██████    | 287/471 [00:36<00:20,  8.76it/s]
Guba files:  61%|██████    | 288/471 [00:36<00:21,  8.52it/s]
Guba files:  61%|██████▏   | 289/471 [00:36<00:23,  7.80it/s]
Guba files:  62%|██████▏   | 290/471 [00:36<00:22,  8.15it/s]
Guba files:  62%|██████▏   | 291/471 [00:36<00:23,  7.58it/s]
Guba files:  62%|██████▏   | 293/471 [00:36<00:22,  8.02it/s]
Guba files:  62%|██████▏   | 294/471 [00:37<00:21,  8.05it/s]
Guba files:  63%|██████▎   | 295/471 [00:37<00:21,  8.17it/s]
Guba files:  63%|██████▎   | 297/471 [00:37<00:19,  8.77it/s]
Guba files:  63%|██████▎   | 298/471 [00:37<00:20,  8.25it/s]
Guba files:  63%|██████▎   | 299/471 [00:37<00:20,  8.54it/s]
Guba files:  64%|██████▍   | 301/471 [00:37<00:19,  8.71it/s]
Guba files:  64%|██████▍   | 302/471 [00:37<00:19,  8.55it/s]
Guba files:  64%|██████▍   | 303/471 [00:38<00:20,  8.25it/s]
Guba files:  65%|██████▍   | 304/471 [00:38<00:20,  8.05it/s]
Guba files:  65%|██████▍   | 306/471 [00:38<00:19,  8.37it/s]
Guba files:  65%|██████▌   | 307/471 [00:38<00:20,  8.09it/s]
Guba files:  65%|██████▌   | 308/471 [00:38<00:21,  7.75it/s]
Guba files:  66%|██████▌   | 309/471 [00:38<00:20,  8.06it/s]
Guba files:  66%|██████▌   | 310/471 [00:38<00:19,  8.35it/s]
Guba files:  66%|██████▌   | 311/471 [00:39<00:19,  8.13it/s]
Guba files:  66%|██████▋   | 313/471 [00:39<00:17,  9.01it/s]
Guba files:  67%|██████▋   | 316/471 [00:39<00:13, 11.73it/s]
Guba files:  68%|██████▊   | 318/471 [00:39<00:14, 10.52it/s]
Guba files:  68%|██████▊   | 320/471 [00:39<00:15,  9.70it/s]
Guba files:  68%|██████▊   | 322/471 [00:40<00:15,  9.90it/s]
Guba files:  69%|██████▉   | 324/471 [00:40<00:15,  9.73it/s]
Guba files:  69%|██████▉   | 325/471 [00:40<00:16,  8.91it/s]
Guba files:  69%|██████▉   | 327/471 [00:40<00:13, 10.32it/s]
Guba files:  70%|██████▉   | 329/471 [00:40<00:13, 10.90it/s]
Guba files:  70%|███████   | 331/471 [00:41<00:14,  9.75it/s]
Guba files:  71%|███████   | 333/471 [00:41<00:14,  9.29it/s]
Guba files:  71%|███████   | 334/471 [00:41<00:15,  8.64it/s]
Guba files:  71%|███████   | 335/471 [00:41<00:15,  8.59it/s]
Guba files:  71%|███████▏  | 336/471 [00:41<00:16,  8.22it/s]
Guba files:  72%|███████▏  | 337/471 [00:41<00:17,  7.82it/s]
Guba files:  72%|███████▏  | 339/471 [00:42<00:15,  8.30it/s]
Guba files:  72%|███████▏  | 340/471 [00:42<00:16,  8.18it/s]
Guba files:  72%|███████▏  | 341/471 [00:42<00:16,  7.67it/s]
Guba files:  73%|███████▎  | 342/471 [00:42<00:17,  7.47it/s]
Guba files:  73%|███████▎  | 343/471 [00:42<00:17,  7.37it/s]
Guba files:  73%|███████▎  | 344/471 [00:42<00:17,  7.26it/s]
Guba files:  73%|███████▎  | 345/471 [00:42<00:16,  7.61it/s]
Guba files:  73%|███████▎  | 346/471 [00:43<00:16,  7.44it/s]
Guba files:  74%|███████▎  | 347/471 [00:43<00:16,  7.49it/s]
Guba files:  74%|███████▍  | 348/471 [00:43<00:16,  7.34it/s]
Guba files:  74%|███████▍  | 349/471 [00:43<00:16,  7.60it/s]
Guba files:  74%|███████▍  | 350/471 [00:43<00:15,  8.05it/s]
Guba files:  75%|███████▍  | 351/471 [00:43<00:14,  8.46it/s]
Guba files:  75%|███████▍  | 352/471 [00:43<00:13,  8.53it/s]
Guba files:  75%|███████▍  | 353/471 [00:43<00:14,  7.97it/s]
Guba files:  75%|███████▌  | 354/471 [00:44<00:15,  7.33it/s]
Guba files:  76%|███████▌  | 356/471 [00:44<00:15,  7.66it/s]
Guba files:  76%|███████▌  | 357/471 [00:44<00:15,  7.60it/s]
Guba files:  76%|███████▌  | 358/471 [00:44<00:14,  7.66it/s]
Guba files:  76%|███████▌  | 359/471 [00:44<00:14,  7.91it/s]
Guba files:  76%|███████▋  | 360/471 [00:44<00:15,  7.34it/s]
Guba files:  77%|███████▋  | 361/471 [00:44<00:14,  7.50it/s]
Guba files:  77%|███████▋  | 362/471 [00:45<00:14,  7.35it/s]
Guba files:  77%|███████▋  | 363/471 [00:45<00:15,  7.18it/s]
Guba files:  77%|███████▋  | 364/471 [00:45<00:14,  7.59it/s]
Guba files:  77%|███████▋  | 365/471 [00:45<00:13,  7.85it/s]
Guba files:  78%|███████▊  | 367/471 [00:45<00:12,  8.05it/s]
Guba files:  78%|███████▊  | 368/471 [00:45<00:12,  8.04it/s]
Guba files:  78%|███████▊  | 369/471 [00:45<00:12,  8.02it/s]
Guba files:  79%|███████▊  | 370/471 [00:46<00:13,  7.76it/s]
Guba files:  79%|███████▉  | 371/471 [00:46<00:13,  7.47it/s]
Guba files:  79%|███████▉  | 372/471 [00:46<00:12,  7.80it/s]
Guba files:  79%|███████▉  | 373/471 [00:46<00:13,  7.52it/s]
Guba files:  79%|███████▉  | 374/471 [00:46<00:12,  7.70it/s]
Guba files:  80%|███████▉  | 375/471 [00:46<00:12,  7.42it/s]
Guba files:  80%|███████▉  | 376/471 [00:46<00:13,  7.25it/s]
Guba files:  80%|████████  | 377/471 [00:47<00:13,  7.14it/s]
Guba files:  80%|████████  | 378/471 [00:47<00:12,  7.69it/s]
Guba files:  80%|████████  | 379/471 [00:47<00:11,  8.01it/s]
Guba files:  81%|████████  | 380/471 [00:47<00:11,  8.02it/s]
Guba files:  81%|████████  | 381/471 [00:47<00:11,  8.05it/s]
Guba files:  81%|████████  | 382/471 [00:47<00:11,  7.74it/s]
Guba files:  82%|████████▏ | 384/471 [00:47<00:10,  7.97it/s]
Guba files:  82%|████████▏ | 385/471 [00:48<00:11,  7.73it/s]
Guba files:  82%|████████▏ | 387/471 [00:48<00:09,  9.05it/s]
Guba files:  83%|████████▎ | 389/471 [00:48<00:08,  9.66it/s]
Guba files:  83%|████████▎ | 390/471 [00:48<00:08,  9.28it/s]
Guba files:  83%|████████▎ | 392/471 [00:48<00:08,  9.81it/s]
Guba files:  83%|████████▎ | 393/471 [00:48<00:07,  9.82it/s]
Guba files:  84%|████████▎ | 394/471 [00:49<00:08,  8.70it/s]
Guba files:  84%|████████▍ | 395/471 [00:49<00:08,  8.63it/s]
Guba files:  84%|████████▍ | 397/471 [00:49<00:08,  8.92it/s]
Guba files:  85%|████████▍ | 398/471 [00:49<00:08,  8.70it/s]
Guba files:  85%|████████▍ | 399/471 [00:49<00:08,  8.33it/s]
Guba files:  85%|████████▍ | 400/471 [00:49<00:08,  8.18it/s]
Guba files:  85%|████████▌ | 401/471 [00:49<00:09,  7.73it/s]
Guba files:  85%|████████▌ | 402/471 [00:49<00:08,  8.18it/s]
Guba files:  86%|████████▌ | 403/471 [00:50<00:08,  7.62it/s]
Guba files:  86%|████████▌ | 404/471 [00:50<00:08,  7.47it/s]
Guba files:  86%|████████▌ | 405/471 [00:50<00:08,  7.76it/s]
Guba files:  86%|████████▌ | 406/471 [00:50<00:08,  7.40it/s]
Guba files:  86%|████████▋ | 407/471 [00:50<00:09,  7.05it/s]
Guba files:  87%|████████▋ | 408/471 [00:50<00:08,  7.15it/s]
Guba files:  87%|████████▋ | 409/471 [00:50<00:08,  7.59it/s]
Guba files:  87%|████████▋ | 410/471 [00:51<00:08,  7.35it/s]
Guba files:  87%|████████▋ | 411/471 [00:51<00:08,  7.30it/s]
Guba files:  87%|████████▋ | 412/471 [00:51<00:07,  7.45it/s]
Guba files:  88%|████████▊ | 413/471 [00:51<00:07,  7.77it/s]
Guba files:  88%|████████▊ | 414/471 [00:51<00:07,  8.00it/s]
Guba files:  88%|████████▊ | 415/471 [00:51<00:07,  7.66it/s]
Guba files:  89%|████████▊ | 417/471 [00:51<00:06,  7.88it/s]
Guba files:  89%|████████▊ | 418/471 [00:52<00:06,  7.90it/s]
Guba files:  89%|████████▉ | 420/471 [00:52<00:06,  8.37it/s]
Guba files:  89%|████████▉ | 421/471 [00:52<00:05,  8.38it/s]
Guba files:  90%|████████▉ | 423/471 [00:52<00:05,  9.54it/s]
Guba files:  90%|█████████ | 424/471 [00:52<00:05,  8.78it/s]
Guba files:  90%|█████████ | 425/471 [00:52<00:05,  8.79it/s]
Guba files:  90%|█████████ | 426/471 [00:52<00:05,  8.52it/s]
Guba files:  91%|█████████ | 427/471 [00:53<00:05,  8.74it/s]
Guba files:  91%|█████████ | 429/471 [00:53<00:03, 10.97it/s]
Guba files:  92%|█████████▏| 431/471 [00:53<00:04,  9.90it/s]
Guba files:  92%|█████████▏| 433/471 [00:53<00:04,  9.17it/s]
Guba files:  92%|█████████▏| 434/471 [00:53<00:04,  9.21it/s]
Guba files:  93%|█████████▎| 436/471 [00:53<00:03,  9.99it/s]
Guba files:  93%|█████████▎| 438/471 [00:54<00:03,  9.23it/s]
Guba files:  93%|█████████▎| 440/471 [00:54<00:03, 10.09it/s]
Guba files:  94%|█████████▍| 442/471 [00:54<00:02, 10.35it/s]
Guba files:  94%|█████████▍| 444/471 [00:54<00:02, 10.23it/s]
Guba files:  95%|█████████▍| 446/471 [00:55<00:02,  9.63it/s]
Guba files:  95%|█████████▌| 448/471 [00:55<00:02, 10.33it/s]
Guba files:  96%|█████████▌| 450/471 [00:55<00:01, 10.52it/s]
Guba files:  96%|█████████▌| 452/471 [00:55<00:01, 10.03it/s]
Guba files:  96%|█████████▋| 454/471 [00:55<00:01, 11.09it/s]
Guba files:  97%|█████████▋| 457/471 [00:55<00:01, 13.44it/s]
Guba files:  97%|█████████▋| 459/471 [00:56<00:00, 12.88it/s]
Guba files:  98%|█████████▊| 461/471 [00:56<00:00, 13.70it/s]
Guba files:  98%|█████████▊| 463/471 [00:56<00:00, 13.44it/s]
Guba files:  99%|█████████▊| 465/471 [00:56<00:00, 13.38it/s]
Guba files:  99%|█████████▉| 467/471 [00:56<00:00, 13.52it/s]
Guba files: 100%|█████████▉| 470/471 [00:56<00:00, 14.31it/s]
Guba files: 100%|██████████| 471/471 [00:56<00:00,  8.27it/s]
Guba data: 927726 records, 471 stocks
Loading basic market data...

Basic files:   0%|          | 0/471 [00:00<?, ?it/s]
Basic files:   4%|▍         | 20/471 [00:00<00:02, 196.98it/s]
Basic files:   8%|▊         | 40/471 [00:00<00:02, 196.24it/s]
Basic files:  13%|█▎        | 62/471 [00:00<00:02, 204.44it/s]
Basic files:  18%|█▊        | 83/471 [00:00<00:01, 201.42it/s]
Basic files:  22%|██▏       | 104/471 [00:00<00:01, 202.39it/s]
Basic files:  27%|██▋       | 125/471 [00:00<00:01, 201.37it/s]
Basic files:  31%|███       | 146/471 [00:00<00:01, 202.55it/s]
Basic files:  35%|███▌      | 167/471 [00:00<00:01, 203.90it/s]
Basic files:  40%|████      | 189/471 [00:00<00:01, 208.65it/s]
Basic files:  45%|████▍     | 210/471 [00:01<00:01, 208.18it/s]
Basic files:  49%|████▉     | 232/471 [00:01<00:01, 208.69it/s]
Basic files:  54%|█████▍    | 254/471 [00:01<00:01, 208.64it/s]
Basic files:  58%|█████▊    | 275/471 [00:01<00:00, 207.84it/s]
Basic files:  63%|██████▎   | 296/471 [00:01<00:00, 206.85it/s]
Basic files:  68%|██████▊   | 318/471 [00:01<00:00, 208.91it/s]
Basic files:  72%|███████▏  | 341/471 [00:01<00:00, 211.42it/s]
Basic files:  77%|███████▋  | 363/471 [00:01<00:00, 213.59it/s]
Basic files:  82%|████████▏ | 385/471 [00:01<00:00, 212.15it/s]
Basic files:  87%|████████▋ | 408/471 [00:01<00:00, 215.73it/s]
Basic files:  91%|█████████▏| 430/471 [00:02<00:00, 216.11it/s]
Basic files:  96%|█████████▌| 453/471 [00:02<00:00, 218.39it/s]
Basic files: 100%|██████████| 471/471 [00:02<00:00, 210.60it/s]
Gym has been unmaintained since 2022 and does not support NumPy 2.0 amongst other critical functionality.
Please upgrade to Gymnasium, the maintained drop-in replacement of Gym, or contact the authors of your software and request that they upgrade.
Users of this version of Gym should be able to simply replace 'import gym' with 'import gymnasium as gym' in the vast majority of cases.
See the migration guide at https://gymnasium.farama.org/introduction/migration_guide/ for additional information.
